=== Starting SERA Master Ingestor ===
Embedding Model: BAAI/bge-m3
1. Initializing SQLite Database...
   -> Resuming with 0 URLs already embedded.

2. Processing MedQuAD Stream...

[NEW DOC] Fetching: keratoderma with woolly hair (ID: 0000559)
          URL: https://ghr.nlm.nih.gov/condition/keratoderma-with-woolly-hair
   [WARN] Page appears blank/dead. Entering Rescue Mode (2013-2026)...
   [ERROR] Failed to rescue document https://ghr.nlm.nih.gov/condition/keratoderma-with-woolly-hair
   -> Saved Q&A: What is (are) keratoderma with woolly hair ?...
   -> Saved Q&A: How many people are affected by keratoderma with w...

==================================================
 INGESTION COMPLETE - FINAL REPORT 
==================================================
Total New Documents Embedded: 0 chunks
Total New Q&A Pairs Saved:  2
Total Q&A in Database:      2

=== DOMAIN BREAKDOWN ===

DOMAIN: ghr.nlm.nih.gov
  - Total Links in Dataset:   1
  - Accessed directly (Live): 0
  - Accessed via Wayback:     0
  - Links Skipped:            1
  - Avg Topics per sample:    0.0
  - Avg Words per sample:     0.0
  - Sample of skipped links:
      * https://ghr.nlm.nih.gov/condition/keratoderma-with-woolly-hair

=== OVERALL DATASET STATS ===
  - Total Links in Dataset:   1
  - Total Accessed directly:  0
  - Total Accessed via WB:    0
  - Total Links Skipped:      1
  - Overall Avg Topics/sample: 0
  - Overall Avg Words/sample:  0
